// Jest Snapshot v1, https://goo.gl/fbAQLP

exports[`Movie renders a movie item 1`] = `
<div
  className="movie"
>
  <img
    alt=""
    className="movie__poster"
    src="https://m.media-amazon.com/images/M/MV5BNDYxNjQyMjAtNTdiOS00NGYwLWFmNTAtNThmYjU5ZGI2YTI1XkEyXkFqcGdeQXVyMTMxODk2OTU@._V1_SX300.jpg"
  />
  <div
    className="movie__details"
  >
    <h2>
      The Avengers
    </h2>
    <p>
      <strong>
        Date Added to List:
      </strong>
       
      <br />
      <strong>
        IMDB Rating:
      </strong>
       
      8.1
    </p>
  </div>
</div>
`;

exports[`Movie renders nothing if no title is passed in 1`] = `null`;
